<html>
<body>
<div>
    <p>Dear {{ requestor_full_name }}</p>
    <p>Ticket {{ ticket_no }} has been approved by {{ approver_full_name }} and have next level approve by {{ next_approver_full_name }}
        here to view your status</p>
    <p><a href="{{ ticket_url }}">{{ ticket_url }}</a></p>
</div>
<br/><br/>
<div>
    <p>เรียน {{ requestor_full_name }}</p>
    <p>คำร้องขอเลขที่ {{ ticket_no }} ได้รับการอนุมัติโดย {{ approver_full_name }} และมีผู้อนุมัติลำดับถัดไปโดย {{ next_approver_full_name }}
        กรุณาคลิ๊กที่นี่เพื่อตรวจสอบสถานะคำร้องขอ</p>
    <p><a href="{{ ticket_url }}">{{ ticket_url }}</a></p>
</div>
</body>
</html>
